// Jest Snapshot v1, https://goo.gl/fbAQLP

exports[`<Template SubHeader/> Should render without errors 1`] = `
Object {
  "asFragment": [Function],
  "baseElement": <body>
    <div>
      <header
        class="sc-bczRLJ fbMjRA"
      >
        <div
          class="sc-eCYdqJ kbsUPd"
        >
          <div
            class="sc-jSMfEi drGKcz"
          >
            <div
              class="sc-gKXOVf kBJLFY"
            >
              profile
            </div>
            <div
              class="sc-iBkjds fSRmgS"
            >
              <div
                class="sc-ftvSup fDuCrV"
                width="70"
              >
                Select a Profile
              </div>
              <div
                class="sc-papXJ fKTrfV"
              >
                <svg
                  fill="currentColor"
                  height="1em"
                  viewBox="0 0 16 16"
                  width="1em"
                  xmlns="http://www.w3.org/2000/svg"
                >
                  <path
                    d="M7.247 11.14 2.451 5.658C1.885 5.013 2.345 4 3.204 4h9.592a1 1 0 0 1 .753 1.659l-4.796 5.48a1 1 0 0 1-1.506 0z"
                  />
                </svg>
              </div>
            </div>
          </div>
        </div>
        <div
          class="sc-gsnTZi bvKKze"
        >
          <svg
            fill="currentColor"
            height="1em"
            viewBox="0 0 16 16"
            width="1em"
            xmlns="http://www.w3.org/2000/svg"
          >
            <path
              d="M4.646 1.646a.5.5 0 0 1 .708 0l6 6a.5.5 0 0 1 0 .708l-6 6a.5.5 0 0 1-.708-.708L10.293 8 4.646 2.354a.5.5 0 0 1 0-.708z"
              fill-rule="evenodd"
            />
          </svg>
        </div>
        <div
          class="sc-eCYdqJ kbsUPd"
        >
          <div
            class="sc-jSMfEi drGKcz"
          >
            <div
              class="sc-gKXOVf kBJLFY"
            >
              page
            </div>
            <div
              class="sc-iBkjds fSRmgS"
            >
              <div
                class="sc-ftvSup kwujYm"
                width="55"
              >
                0 / 0
              </div>
              <div
                class="sc-papXJ fKTrfV"
              >
                <svg
                  fill="currentColor"
                  height="1em"
                  viewBox="0 0 16 16"
                  width="1em"
                  xmlns="http://www.w3.org/2000/svg"
                >
                  <path
                    d="M7.247 11.14 2.451 5.658C1.885 5.013 2.345 4 3.204 4h9.592a1 1 0 0 1 .753 1.659l-4.796 5.48a1 1 0 0 1-1.506 0z"
                  />
                </svg>
              </div>
            </div>
          </div>
        </div>
        <div
          class="sc-gsnTZi bvKKze"
        >
          <svg
            fill="currentColor"
            height="1em"
            viewBox="0 0 16 16"
            width="1em"
            xmlns="http://www.w3.org/2000/svg"
          >
            <path
              d="M4.646 1.646a.5.5 0 0 1 .708 0l6 6a.5.5 0 0 1 0 .708l-6 6a.5.5 0 0 1-.708-.708L10.293 8 4.646 2.354a.5.5 0 0 1 0-.708z"
              fill-rule="evenodd"
            />
          </svg>
        </div>
        <div
          class="sc-eCYdqJ kbsUPd"
        >
          <div
            class="sc-jSMfEi drGKcz"
          >
            <div
              class="sc-gKXOVf kBJLFY"
            >
              button pad
            </div>
            <div
              class="sc-iBkjds fSRmgS"
            >
              <div
                class="sc-ftvSup kwujYm"
                width="55"
              >
                0 / 0
              </div>
              <div
                class="sc-papXJ fKTrfV"
              >
                <svg
                  fill="currentColor"
                  height="1em"
                  viewBox="0 0 16 16"
                  width="1em"
                  xmlns="http://www.w3.org/2000/svg"
                >
                  <path
                    d="M7.247 11.14 2.451 5.658C1.885 5.013 2.345 4 3.204 4h9.592a1 1 0 0 1 .753 1.659l-4.796 5.48a1 1 0 0 1-1.506 0z"
                  />
                </svg>
              </div>
            </div>
          </div>
        </div>
        <div
          class="sc-gsnTZi bvKKze"
        >
          <svg
            fill="currentColor"
            height="1em"
            viewBox="0 0 16 16"
            width="1em"
            xmlns="http://www.w3.org/2000/svg"
          >
            <path
              d="M4.646 1.646a.5.5 0 0 1 .708 0l6 6a.5.5 0 0 1 0 .708l-6 6a.5.5 0 0 1-.708-.708L10.293 8 4.646 2.354a.5.5 0 0 1 0-.708z"
              fill-rule="evenodd"
            />
          </svg>
        </div>
        <div
          class="sc-eCYdqJ kbsUPd"
        >
          <div
            class="sc-jSMfEi drGKcz"
          >
            <div
              class="sc-gKXOVf kBJLFY"
            >
              action
            </div>
            <div
              class="sc-iBkjds fSRmgS"
            >
              <div
                class="sc-ftvSup ljeEOI"
                width="60"
              >
                no action selected
              </div>
              <div
                class="sc-papXJ fKTrfV"
              >
                <svg
                  fill="currentColor"
                  height="1em"
                  viewBox="0 0 16 16"
                  width="1em"
                  xmlns="http://www.w3.org/2000/svg"
                >
                  <path
                    d="M7.247 11.14 2.451 5.658C1.885 5.013 2.345 4 3.204 4h9.592a1 1 0 0 1 .753 1.659l-4.796 5.48a1 1 0 0 1-1.506 0z"
                  />
                </svg>
              </div>
            </div>
          </div>
        </div>
      </header>
    </div>
  </body>,
  "container": <div>
    <header
      class="sc-bczRLJ fbMjRA"
    >
      <div
        class="sc-eCYdqJ kbsUPd"
      >
        <div
          class="sc-jSMfEi drGKcz"
        >
          <div
            class="sc-gKXOVf kBJLFY"
          >
            profile
          </div>
          <div
            class="sc-iBkjds fSRmgS"
          >
            <div
              class="sc-ftvSup fDuCrV"
              width="70"
            >
              Select a Profile
            </div>
            <div
              class="sc-papXJ fKTrfV"
            >
              <svg
                fill="currentColor"
                height="1em"
                viewBox="0 0 16 16"
                width="1em"
                xmlns="http://www.w3.org/2000/svg"
              >
                <path
                  d="M7.247 11.14 2.451 5.658C1.885 5.013 2.345 4 3.204 4h9.592a1 1 0 0 1 .753 1.659l-4.796 5.48a1 1 0 0 1-1.506 0z"
                />
              </svg>
            </div>
          </div>
        </div>
      </div>
      <div
        class="sc-gsnTZi bvKKze"
      >
        <svg
          fill="currentColor"
          height="1em"
          viewBox="0 0 16 16"
          width="1em"
          xmlns="http://www.w3.org/2000/svg"
        >
          <path
            d="M4.646 1.646a.5.5 0 0 1 .708 0l6 6a.5.5 0 0 1 0 .708l-6 6a.5.5 0 0 1-.708-.708L10.293 8 4.646 2.354a.5.5 0 0 1 0-.708z"
            fill-rule="evenodd"
          />
        </svg>
      </div>
      <div
        class="sc-eCYdqJ kbsUPd"
      >
        <div
          class="sc-jSMfEi drGKcz"
        >
          <div
            class="sc-gKXOVf kBJLFY"
          >
            page
          </div>
          <div
            class="sc-iBkjds fSRmgS"
          >
            <div
              class="sc-ftvSup kwujYm"
              width="55"
            >
              0 / 0
            </div>
            <div
              class="sc-papXJ fKTrfV"
            >
              <svg
                fill="currentColor"
                height="1em"
                viewBox="0 0 16 16"
                width="1em"
                xmlns="http://www.w3.org/2000/svg"
              >
                <path
                  d="M7.247 11.14 2.451 5.658C1.885 5.013 2.345 4 3.204 4h9.592a1 1 0 0 1 .753 1.659l-4.796 5.48a1 1 0 0 1-1.506 0z"
                />
              </svg>
            </div>
          </div>
        </div>
      </div>
      <div
        class="sc-gsnTZi bvKKze"
      >
        <svg
          fill="currentColor"
          height="1em"
          viewBox="0 0 16 16"
          width="1em"
          xmlns="http://www.w3.org/2000/svg"
        >
          <path
            d="M4.646 1.646a.5.5 0 0 1 .708 0l6 6a.5.5 0 0 1 0 .708l-6 6a.5.5 0 0 1-.708-.708L10.293 8 4.646 2.354a.5.5 0 0 1 0-.708z"
            fill-rule="evenodd"
          />
        </svg>
      </div>
      <div
        class="sc-eCYdqJ kbsUPd"
      >
        <div
          class="sc-jSMfEi drGKcz"
        >
          <div
            class="sc-gKXOVf kBJLFY"
          >
            button pad
          </div>
          <div
            class="sc-iBkjds fSRmgS"
          >
            <div
              class="sc-ftvSup kwujYm"
              width="55"
            >
              0 / 0
            </div>
            <div
              class="sc-papXJ fKTrfV"
            >
              <svg
                fill="currentColor"
                height="1em"
                viewBox="0 0 16 16"
                width="1em"
                xmlns="http://www.w3.org/2000/svg"
              >
                <path
                  d="M7.247 11.14 2.451 5.658C1.885 5.013 2.345 4 3.204 4h9.592a1 1 0 0 1 .753 1.659l-4.796 5.48a1 1 0 0 1-1.506 0z"
                />
              </svg>
            </div>
          </div>
        </div>
      </div>
      <div
        class="sc-gsnTZi bvKKze"
      >
        <svg
          fill="currentColor"
          height="1em"
          viewBox="0 0 16 16"
          width="1em"
          xmlns="http://www.w3.org/2000/svg"
        >
          <path
            d="M4.646 1.646a.5.5 0 0 1 .708 0l6 6a.5.5 0 0 1 0 .708l-6 6a.5.5 0 0 1-.708-.708L10.293 8 4.646 2.354a.5.5 0 0 1 0-.708z"
            fill-rule="evenodd"
          />
        </svg>
      </div>
      <div
        class="sc-eCYdqJ kbsUPd"
      >
        <div
          class="sc-jSMfEi drGKcz"
        >
          <div
            class="sc-gKXOVf kBJLFY"
          >
            action
          </div>
          <div
            class="sc-iBkjds fSRmgS"
          >
            <div
              class="sc-ftvSup ljeEOI"
              width="60"
            >
              no action selected
            </div>
            <div
              class="sc-papXJ fKTrfV"
            >
              <svg
                fill="currentColor"
                height="1em"
                viewBox="0 0 16 16"
                width="1em"
                xmlns="http://www.w3.org/2000/svg"
              >
                <path
                  d="M7.247 11.14 2.451 5.658C1.885 5.013 2.345 4 3.204 4h9.592a1 1 0 0 1 .753 1.659l-4.796 5.48a1 1 0 0 1-1.506 0z"
                />
              </svg>
            </div>
          </div>
        </div>
      </div>
    </header>
  </div>,
  "debug": [Function],
  "findAllByAltText": [Function],
  "findAllByDisplayValue": [Function],
  "findAllByLabelText": [Function],
  "findAllByPlaceholderText": [Function],
  "findAllByRole": [Function],
  "findAllByTestId": [Function],
  "findAllByText": [Function],
  "findAllByTitle": [Function],
  "findByAltText": [Function],
  "findByDisplayValue": [Function],
  "findByLabelText": [Function],
  "findByPlaceholderText": [Function],
  "findByRole": [Function],
  "findByTestId": [Function],
  "findByText": [Function],
  "findByTitle": [Function],
  "getAllByAltText": [Function],
  "getAllByDisplayValue": [Function],
  "getAllByLabelText": [Function],
  "getAllByPlaceholderText": [Function],
  "getAllByRole": [Function],
  "getAllByTestId": [Function],
  "getAllByText": [Function],
  "getAllByTitle": [Function],
  "getByAltText": [Function],
  "getByDisplayValue": [Function],
  "getByLabelText": [Function],
  "getByPlaceholderText": [Function],
  "getByRole": [Function],
  "getByTestId": [Function],
  "getByText": [Function],
  "getByTitle": [Function],
  "queryAllByAltText": [Function],
  "queryAllByDisplayValue": [Function],
  "queryAllByLabelText": [Function],
  "queryAllByPlaceholderText": [Function],
  "queryAllByRole": [Function],
  "queryAllByTestId": [Function],
  "queryAllByText": [Function],
  "queryAllByTitle": [Function],
  "queryByAltText": [Function],
  "queryByDisplayValue": [Function],
  "queryByLabelText": [Function],
  "queryByPlaceholderText": [Function],
  "queryByRole": [Function],
  "queryByTestId": [Function],
  "queryByText": [Function],
  "queryByTitle": [Function],
  "rerender": [Function],
  "unmount": [Function],
}
`;
